// Jest Snapshot v1, https://goo.gl/fbAQLP

exports[`renders ExpenseDashboardPage correctly 1`] = `
<div>
  <Connect(ExpenseListFilters) />
  <Connect(Component) />
</div>
`;
