// Jest Snapshot v1, https://goo.gl/fbAQLP

exports[`renders ExpenseList given empty expense list 1`] = `
<div>
  <p>
    Nothing here.
  </p>
</div>
`;

exports[`renders ExpenseList given some expenses 1`] = `
<div>
  <ExpenseListItem
    amount={100}
    createdAt={0}
    description="the quick brown fox jumped over"
    id="1"
    key="1"
    note=""
  />
  <ExpenseListItem
    amount={1000}
    createdAt={-345600000}
    description="the lazy dog"
    id="2"
    key="2"
    note=""
  />
  <ExpenseListItem
    amount={800}
    createdAt={432000000}
    description="expense here"
    id="3"
    key="3"
    note=""
  />
</div>
`;
